AutoDock Vina v1.2.5
#################################################################
# If you used AutoDock Vina in your work, please cite:          #
#                                                               #
# J. Eberhardt, D. Santos-Martins, A. F. Tillack, and S. Forli  #
# AutoDock Vina 1.2.0: New Docking Methods, Expanded Force      #
# Field, and Python Bindings, J. Chem. Inf. Model. (2021)       #
# DOI 10.1021/acs.jcim.1c00203                                  #
#                                                               #
# O. Trott, A. J. Olson,                                        #
# AutoDock Vina: improving the speed and accuracy of docking    #
# with a new scoring function, efficient optimization and       #
# multithreading, J. Comp. Chem. (2010)                         #
# DOI 10.1002/jcc.21334                                         #
#                                                               #
# Please see https://github.com/ccsb-scripps/AutoDock-Vina for  #
# more information.                                             #
#################################################################

Scoring function : vina
Rigid receptor: /Users/aanmuf/drug_discovery/dpp4_project/data/05_receptors_pdbqt/5T4B.pdbqt
Ligand: /Users/aanmuf/drug_discovery/dpp4_project/data/04_ligands_pdbqt/CHEMBL28.pdbqt
Grid center: X 37.61 Y 49.92 Z 40.33
Grid size  : X 18 Y 16 Z 23
Grid space : 0.375
Exhaustiveness: 1
CPU: 0
Verbosity: 1

Computing Vina grid ... done.
Performing docking (random seed: -1332463392) ... 
0%   10   20   30   40   50   60   70   80   90   100%
|----|----|----|----|----|----|----|----|----|----|
***************************************************

mode |   affinity | dist from best mode
     | (kcal/mol) | rmsd l.b.| rmsd u.b.
-----+------------+----------+----------
   1       -8.001          0          0
   2       -7.456      4.598      7.005
   3       -6.089      3.778      5.223
   4       -5.528      3.659      4.415
   5       -4.369      6.726        8.1
   6       -2.431       9.45      10.99
