AutoDock Vina v1.2.5
#################################################################
# If you used AutoDock Vina in your work, please cite:          #
#                                                               #
# J. Eberhardt, D. Santos-Martins, A. F. Tillack, and S. Forli  #
# AutoDock Vina 1.2.0: New Docking Methods, Expanded Force      #
# Field, and Python Bindings, J. Chem. Inf. Model. (2021)       #
# DOI 10.1021/acs.jcim.1c00203                                  #
#                                                               #
# O. Trott, A. J. Olson,                                        #
# AutoDock Vina: improving the speed and accuracy of docking    #
# with a new scoring function, efficient optimization and       #
# multithreading, J. Comp. Chem. (2010)                         #
# DOI 10.1002/jcc.21334                                         #
#                                                               #
# Please see https://github.com/ccsb-scripps/AutoDock-Vina for  #
# more information.                                             #
#################################################################

Scoring function : vina
Rigid receptor: /Users/aanmuf/drug_discovery/dpp4_project/data/05_receptors_pdbqt/3G0B.pdbqt
Ligand: /Users/aanmuf/drug_discovery/dpp4_project/data/04_ligands_pdbqt/CHEMBL2147775.pdbqt
Grid center: X 42.05 Y 34.29 Z 14.62
Grid size  : X 18 Y 18 Z 18
Grid space : 0.375
Exhaustiveness: 1
CPU: 0
Verbosity: 1

Computing Vina grid ... done.
Performing docking (random seed: -611578078) ... 
0%   10   20   30   40   50   60   70   80   90   100%
|----|----|----|----|----|----|----|----|----|----|
***************************************************

mode |   affinity | dist from best mode
     | (kcal/mol) | rmsd l.b.| rmsd u.b.
-----+------------+----------+----------
   1       -8.092          0          0
   2       -7.971      4.364       7.88
   3       -7.889      4.139      7.294
   4       -7.229      3.702      6.249
   5       -6.311      3.439      5.647
   6       -4.592       4.64      7.853
   7       -2.734      4.526      6.386
   8        8.049      4.988      7.163
