AutoDock Vina v1.2.5
#################################################################
# If you used AutoDock Vina in your work, please cite:          #
#                                                               #
# J. Eberhardt, D. Santos-Martins, A. F. Tillack, and S. Forli  #
# AutoDock Vina 1.2.0: New Docking Methods, Expanded Force      #
# Field, and Python Bindings, J. Chem. Inf. Model. (2021)       #
# DOI 10.1021/acs.jcim.1c00203                                  #
#                                                               #
# O. Trott, A. J. Olson,                                        #
# AutoDock Vina: improving the speed and accuracy of docking    #
# with a new scoring function, efficient optimization and       #
# multithreading, J. Comp. Chem. (2010)                         #
# DOI 10.1002/jcc.21334                                         #
#                                                               #
# Please see https://github.com/ccsb-scripps/AutoDock-Vina for  #
# more information.                                             #
#################################################################

Scoring function : vina
Rigid receptor: /Users/aanmuf/drug_discovery/dpp4_project/data/05_receptors_pdbqt/5T4B.pdbqt
Ligand: /Users/aanmuf/drug_discovery/dpp4_project/data/04_ligands_pdbqt/CHEMBL227954.pdbqt
Grid center: X 37.61 Y 49.92 Z 40.33
Grid size  : X 18 Y 16 Z 23
Grid space : 0.375
Exhaustiveness: 1
CPU: 0
Verbosity: 1

Computing Vina grid ... done.
Performing docking (random seed: 1918752505) ... 
0%   10   20   30   40   50   60   70   80   90   100%
|----|----|----|----|----|----|----|----|----|----|
***************************************************

mode |   affinity | dist from best mode
     | (kcal/mol) | rmsd l.b.| rmsd u.b.
-----+------------+----------+----------
   1       -8.357          0          0
   2       -8.277      3.303      5.291
   3       -8.044      5.518      8.379
   4       -7.716      4.482      8.389
   5       -7.176      3.531      6.253
   6        -6.77      3.456      5.974
