AutoDock Vina v1.2.5
#################################################################
# If you used AutoDock Vina in your work, please cite:          #
#                                                               #
# J. Eberhardt, D. Santos-Martins, A. F. Tillack, and S. Forli  #
# AutoDock Vina 1.2.0: New Docking Methods, Expanded Force      #
# Field, and Python Bindings, J. Chem. Inf. Model. (2021)       #
# DOI 10.1021/acs.jcim.1c00203                                  #
#                                                               #
# O. Trott, A. J. Olson,                                        #
# AutoDock Vina: improving the speed and accuracy of docking    #
# with a new scoring function, efficient optimization and       #
# multithreading, J. Comp. Chem. (2010)                         #
# DOI 10.1002/jcc.21334                                         #
#                                                               #
# Please see https://github.com/ccsb-scripps/AutoDock-Vina for  #
# more information.                                             #
#################################################################

Scoring function : vina
Rigid receptor: /Users/aanmuf/drug_discovery/dpp4_project/data/05_receptors_pdbqt/3G0B.pdbqt
Ligand: /Users/aanmuf/drug_discovery/dpp4_project/data/04_ligands_pdbqt/CHEMBL142703.pdbqt
Grid center: X 42.05 Y 34.29 Z 14.62
Grid size  : X 18 Y 18 Z 18
Grid space : 0.375
Exhaustiveness: 1
CPU: 0
Verbosity: 1

Computing Vina grid ... done.
Performing docking (random seed: 1857273302) ... 
0%   10   20   30   40   50   60   70   80   90   100%
|----|----|----|----|----|----|----|----|----|----|
***************************************************

mode |   affinity | dist from best mode
     | (kcal/mol) | rmsd l.b.| rmsd u.b.
-----+------------+----------+----------
   1       -8.016          0          0
   2       -7.862      4.865      7.655
   3       -6.854      2.144      2.915
   4       -6.777      1.853       2.67
   5       -6.636      2.145      7.307
   6       -6.452      2.228      7.212
   7       -6.135      4.025      7.645
   8       -6.086      3.161      7.617
