AutoDock Vina v1.2.5
#################################################################
# If you used AutoDock Vina in your work, please cite:          #
#                                                               #
# J. Eberhardt, D. Santos-Martins, A. F. Tillack, and S. Forli  #
# AutoDock Vina 1.2.0: New Docking Methods, Expanded Force      #
# Field, and Python Bindings, J. Chem. Inf. Model. (2021)       #
# DOI 10.1021/acs.jcim.1c00203                                  #
#                                                               #
# O. Trott, A. J. Olson,                                        #
# AutoDock Vina: improving the speed and accuracy of docking    #
# with a new scoring function, efficient optimization and       #
# multithreading, J. Comp. Chem. (2010)                         #
# DOI 10.1002/jcc.21334                                         #
#                                                               #
# Please see https://github.com/ccsb-scripps/AutoDock-Vina for  #
# more information.                                             #
#################################################################

Scoring function : vina
Rigid receptor: /Users/aanmuf/drug_discovery/dpp4_project/data/05_receptors_pdbqt/5T4B.pdbqt
Ligand: /Users/aanmuf/drug_discovery/dpp4_project/data/04_ligands_pdbqt/CHEMBL16709.pdbqt
Grid center: X 37.61 Y 49.92 Z 40.33
Grid size  : X 18 Y 16 Z 23
Grid space : 0.375
Exhaustiveness: 1
CPU: 0
Verbosity: 1

Computing Vina grid ... done.
Performing docking (random seed: -1353571355) ... 
0%   10   20   30   40   50   60   70   80   90   100%
|----|----|----|----|----|----|----|----|----|----|
***************************************************

mode |   affinity | dist from best mode
     | (kcal/mol) | rmsd l.b.| rmsd u.b.
-----+------------+----------+----------
   1         -5.2          0          0
   2       -4.631      3.465      4.653
   3       -4.454      3.566      5.038
   4       -4.428      1.729      4.291
   5       -4.175      3.651      5.109
   6        -3.91      9.648      10.77
   7       -3.904      10.92      12.33
