AutoDock Vina v1.2.5
#################################################################
# If you used AutoDock Vina in your work, please cite:          #
#                                                               #
# J. Eberhardt, D. Santos-Martins, A. F. Tillack, and S. Forli  #
# AutoDock Vina 1.2.0: New Docking Methods, Expanded Force      #
# Field, and Python Bindings, J. Chem. Inf. Model. (2021)       #
# DOI 10.1021/acs.jcim.1c00203                                  #
#                                                               #
# O. Trott, A. J. Olson,                                        #
# AutoDock Vina: improving the speed and accuracy of docking    #
# with a new scoring function, efficient optimization and       #
# multithreading, J. Comp. Chem. (2010)                         #
# DOI 10.1002/jcc.21334                                         #
#                                                               #
# Please see https://github.com/ccsb-scripps/AutoDock-Vina for  #
# more information.                                             #
#################################################################

Scoring function : vina
Rigid receptor: /Users/aanmuf/drug_discovery/dpp4_project/data/receptors_pdbqt/3G0B.pdbqt
Ligand: /Users/aanmuf/drug_discovery/dpp4_project/data/ligands_pdbqt/CHEMBL374936.pdbqt
Grid center: X 42 Y 34.3 Z 14.6
Grid size  : X 18 Y 18 Z 18
Grid space : 0.375
Exhaustiveness: 8
CPU: 0
Verbosity: 1

Computing Vina grid ... done.
Performing docking (random seed: 1415511627) ... 
0%   10   20   30   40   50   60   70   80   90   100%
|----|----|----|----|----|----|----|----|----|----|
***************************************************

mode |   affinity | dist from best mode
     | (kcal/mol) | rmsd l.b.| rmsd u.b.
-----+------------+----------+----------
   1       -9.339          0          0
   2        -9.13      5.789       9.37
   3        -8.54      5.108      8.762
   4       -8.115      5.187       9.47
   5       -7.931      4.965      9.554
   6       -7.626      1.822      2.379
   7       -7.609      4.897       9.31
   8       -7.312      7.982       11.2
   9       -7.161      3.136      4.732
