AutoDock Vina v1.2.5
#################################################################
# If you used AutoDock Vina in your work, please cite:          #
#                                                               #
# J. Eberhardt, D. Santos-Martins, A. F. Tillack, and S. Forli  #
# AutoDock Vina 1.2.0: New Docking Methods, Expanded Force      #
# Field, and Python Bindings, J. Chem. Inf. Model. (2021)       #
# DOI 10.1021/acs.jcim.1c00203                                  #
#                                                               #
# O. Trott, A. J. Olson,                                        #
# AutoDock Vina: improving the speed and accuracy of docking    #
# with a new scoring function, efficient optimization and       #
# multithreading, J. Comp. Chem. (2010)                         #
# DOI 10.1002/jcc.21334                                         #
#                                                               #
# Please see https://github.com/ccsb-scripps/AutoDock-Vina for  #
# more information.                                             #
#################################################################

Scoring function : vina
Rigid receptor: /Users/aanmuf/drug_discovery/dpp4_project/data/receptors_pdbqt/3G0B.pdbqt
Ligand: /Users/aanmuf/drug_discovery/dpp4_project/data/ligands_pdbqt/CHEMBL1090.pdbqt
Grid center: X 42 Y 34.3 Z 14.6
Grid size  : X 18 Y 18 Z 18
Grid space : 0.375
Exhaustiveness: 8
CPU: 0
Verbosity: 1

Computing Vina grid ... done.
Performing docking (random seed: -297409531) ... 
0%   10   20   30   40   50   60   70   80   90   100%
|----|----|----|----|----|----|----|----|----|----|
***************************************************

mode |   affinity | dist from best mode
     | (kcal/mol) | rmsd l.b.| rmsd u.b.
-----+------------+----------+----------
   1       -6.729          0          0
   2       -6.665      3.279      6.123
   3       -6.547      2.976      6.087
   4       -6.331      3.144      5.901
   5       -6.225      1.827      2.774
   6       -6.141      3.677      4.199
   7       -6.068      2.306      3.162
   8       -5.847          2      3.675
   9       -5.831        4.3      5.951
